// Jest Snapshot v1, https://goo.gl/fbAQLP

exports[`<Home/> component Should be rendered properly 1`] = `
<View
  style={
    Object {
      "flex": 1,
      "paddingTop": 40,
    }
  }
>
  <TextInput
    allowFontScaling={true}
    onChangeText={[Function]}
    placeholder="Enter movie title"
    rejectResponderTermination={true}
    underlineColorAndroid="transparent"
  />
  <View
    accessible={true}
    isTVSelectable={true}
    onResponderGrant={[Function]}
    onResponderMove={[Function]}
    onResponderRelease={[Function]}
    onResponderTerminate={[Function]}
    onResponderTerminationRequest={[Function]}
    onStartShouldSetResponder={[Function]}
    style={
      Object {
        "opacity": 1,
      }
    }
  >
    <Text>
      Search
    </Text>
  </View>
</View>
`;
